[0;93m2026-10-02 22:22:40.651194559 [W:onnxruntime:Default, device_discovery.cc:325 DiscoverDevicesForPlatform] GPU device discovery failed: device_discovery.cc:92 ReadFileContents Failed to open file: "/sys/class/drm/card1/device/vendor"[m
collecting logits for 10000 images at 3 exits
  2000/10000
  4000/10000
  6000/10000
  8000/10000
  10000/10000

mean |rowsum-1| on final, first 50 rows: 22.964460 -> logits, softmax needed

per-exit accuracy, measured here vs the paper's hard-coded table:
  exit1  measured  19.45%   paper  19.45%   delta +0.00  ok
  exit2  measured  32.73%   paper  32.73%   delta +0.00  ok
  final  measured  33.65%   paper  33.65%   delta +0.00  ok

entropy distribution, nats, max possible ln(100)=4.605
  exit1  p1=0.975 p5=1.640 p10=2.006 p25=2.748 p50=3.359 p75=3.711 p90=3.921 p95=4.009 p99=4.143
  exit2  p1=0.211 p5=0.756 p10=1.124 p25=1.816 p50=2.575 p75=3.064 p90=3.364 p95=3.506 p99=3.694

accuracy and exit mix against threshold, exact over the full test set:
     tau    acc%  exit1%  exit2%  final%
   0.000   33.65     0.0     0.0   100.0
   0.250   33.67     0.1     1.1    98.8
   0.500   33.71     0.3     2.7    97.0
   0.750   33.85     0.5     4.5    95.0
   1.000   33.97     1.1     7.0    91.9
   1.250   34.08     2.0    10.5    87.5
   1.500   34.17     3.7    14.1    82.2
   1.750   33.71     6.3    17.9    75.7
   2.000   33.36     9.9    21.6    68.5
   2.250   32.54    14.3    25.1    60.7
   2.500   31.47    19.1    29.2    51.7
   2.750   30.46    25.1    34.7    40.2
   3.000   29.06    33.2    39.5    27.3
   3.250   27.12    43.8    41.7    14.4
   3.500   25.05    59.2    36.0     4.7
   3.750   22.70    78.1    21.3     0.6
   4.000   20.30    94.5     5.5     0.0
   4.250   19.46    99.9     0.1     0.0
   4.500   19.45   100.0     0.0     0.0
   4.605   19.45   100.0     0.0     0.0

wrote /home/manu/paper3_entropy_logits.npz and /home/manu/paper3_entropy_calib.json
