[0;93m2026-10-03 16:33:58.989486387 [W:onnxruntime:Default, device_discovery.cc:325 DiscoverDevicesForPlatform] GPU device discovery failed: device_discovery.cc:92 ReadFileContents Failed to open file: "/sys/class/drm/card1/device/vendor"[m
Paper 3 campaign 2: 5 reps, 9 arms, RANDOMISED order, seed 20319103
gate 46.0 C (max 240 s), ambient gate 46.5 C (max 10.0 h), cap 49.0 C
board now 48.5 C
  ambient gate: 48.5 C, waiting for <= 46.5 (0 min so far)
ambient gate: board at 45.8 C <= 46.5, starting after 3.7 min
[rep 1] order: entropy-3.50, entropy-1.50, entropy-2.50, always-exit1, always-exit2, always-final, entropy-3.00, entropy-4.00, adaptive-ctrl
[rep 1/1] entropy-3.50   n= 126000 acc= 25.08% meanT= 45.9 maxT= 47.4 viol=  0s startT=45.8 gate=0s
[rep 1/2] entropy-1.50   n= 126000 acc= 34.19% meanT= 49.6 maxT= 50.7 viol= 83s startT=45.8 gate=2s
[rep 1/3] entropy-2.50   n= 126000 acc= 31.50% meanT= 48.8 maxT= 50.7 viol= 52s startT=45.8 gate=0s
[rep 1/4] always-exit1   n= 126000 acc= 19.48% meanT= 46.4 maxT= 48.0 viol=  0s startT=45.2 gate=0s
[rep 1/5] always-exit2   n= 126000 acc= 32.75% meanT= 47.3 maxT= 50.1 viol= 17s startT=49.0 gate=240s GATE-DID-NOT-BIND
[rep 1/6] always-final   n= 126000 acc= 33.67% meanT= 48.6 maxT= 50.1 viol= 51s startT=44.1 gate=0s
[rep 1/7] entropy-3.00   n= 126000 acc= 29.09% meanT= 46.3 maxT= 47.4 viol=  0s startT=45.8 gate=0s
[rep 1/8] entropy-4.00   n= 126000 acc= 20.33% meanT= 45.9 maxT= 47.4 viol=  0s startT=44.1 gate=0s
[rep 1/9] adaptive-ctrl  n= 126000 acc= 25.57% meanT= 48.5 maxT= 50.1 viol= 23s startT=45.2 gate=2s
--- rep 1 done, 20.0 min elapsed ---
[rep 2] order: always-exit2, entropy-2.50, entropy-1.50, entropy-3.50, adaptive-ctrl, entropy-4.00, always-final, always-exit1, entropy-3.00
[rep 2/1] always-exit2   n= 126000 acc= 32.75% meanT= 45.7 maxT= 46.9 viol=  0s startT=45.8 gate=140s
[rep 2/2] entropy-2.50   n= 126000 acc= 31.50% meanT= 48.7 maxT= 50.1 viol= 41s startT=45.8 gate=0s
[rep 2/3] entropy-1.50   n= 126000 acc= 34.19% meanT= 49.4 maxT= 50.7 viol= 78s startT=44.6 gate=0s
[rep 2/4] entropy-3.50   n= 126000 acc= 25.08% meanT= 46.1 maxT= 48.0 viol=  0s startT=45.8 gate=0s
[rep 2/5] adaptive-ctrl  n= 126000 acc= 24.47% meanT= 47.7 maxT= 50.1 viol= 14s startT=48.5 gate=240s GATE-DID-NOT-BIND
[rep 2/6] entropy-4.00   n= 126000 acc= 20.33% meanT= 46.6 maxT= 48.0 viol=  0s startT=44.6 gate=0s
[rep 2/7] always-final   n= 126000 acc= 33.67% meanT= 50.2 maxT= 51.8 viol= 88s startT=48.5 gate=240s GATE-DID-NOT-BIND
[rep 2/8] always-exit1   n= 126000 acc= 19.48% meanT= 46.0 maxT= 48.5 viol=  0s startT=45.8 gate=0s
[rep 2/9] entropy-3.00   n= 126000 acc= 29.09% meanT= 48.3 maxT= 49.6 viol= 29s startT=45.2 gate=10s
--- rep 2 done, 46.4 min elapsed ---
[rep 3] order: always-final, entropy-3.00, entropy-2.50, entropy-4.00, always-exit1, adaptive-ctrl, entropy-1.50, entropy-3.50, always-exit2
[rep 3/1] always-final   n= 126000 acc= 33.67% meanT= 48.7 maxT= 50.7 viol= 52s startT=45.2 gate=0s
[rep 3/2] entropy-3.00   n= 126000 acc= 29.09% meanT= 47.1 maxT= 48.5 viol=  0s startT=45.2 gate=0s
[rep 3/3] entropy-2.50   n= 126000 acc= 31.50% meanT= 47.3 maxT= 48.5 viol=  0s startT=45.8 gate=2s
[rep 3/4] entropy-4.00   n= 126000 acc= 20.33% meanT= 46.2 maxT= 48.0 viol=  0s startT=44.1 gate=0s
[rep 3/5] always-exit1   n= 126000 acc= 19.48% meanT= 47.4 maxT= 49.6 viol= 13s startT=48.5 gate=240s GATE-DID-NOT-BIND
[rep 3/6] adaptive-ctrl  n= 126000 acc= 20.51% meanT= 48.3 maxT= 50.7 viol= 39s startT=48.5 gate=240s GATE-DID-NOT-BIND
[rep 3/7] entropy-1.50   n= 126000 acc= 34.19% meanT= 49.6 maxT= 50.7 viol= 80s startT=45.2 gate=0s
[rep 3/8] entropy-3.50   n= 126000 acc= 25.08% meanT= 46.1 maxT= 47.4 viol=  0s startT=45.2 gate=0s
[rep 3/9] always-exit2   n= 126000 acc= 32.75% meanT= 47.8 maxT= 49.6 viol= 28s startT=49.0 gate=240s GATE-DID-NOT-BIND
--- rep 3 done, 74.3 min elapsed ---
[rep 4] order: always-exit1, adaptive-ctrl, always-final, entropy-3.00, entropy-4.00, always-exit2, entropy-3.50, entropy-2.50, entropy-1.50
[rep 4/1] always-exit1   n= 126000 acc= 19.48% meanT= 46.5 maxT= 48.0 viol=  0s startT=45.2 gate=0s
[rep 4/2] adaptive-ctrl  n= 126000 acc= 26.43% meanT= 47.6 maxT= 51.2 viol= 10s startT=48.5 gate=240s GATE-DID-NOT-BIND
[rep 4/3] always-final   n= 126000 acc= 33.67% meanT= 48.7 maxT= 50.1 viol= 54s startT=44.6 gate=0s
[rep 4/4] entropy-3.00   n= 126000 acc= 29.09% meanT= 46.5 maxT= 48.0 viol=  0s startT=45.8 gate=0s
[rep 4/5] entropy-4.00   n= 126000 acc= 20.33% meanT= 46.0 maxT= 47.4 viol=  0s startT=44.1 gate=0s
[rep 4/6] always-exit2   n= 126000 acc= 32.75% meanT= 47.6 maxT= 50.1 viol= 23s startT=48.5 gate=240s GATE-DID-NOT-BIND
[rep 4/7] entropy-3.50   n= 126000 acc= 25.08% meanT= 47.1 maxT= 49.0 viol=  1s startT=45.2 gate=0s
[rep 4/8] entropy-2.50   n= 126000 acc= 31.50% meanT= 50.0 maxT= 51.8 viol= 84s startT=48.5 gate=240s GATE-DID-NOT-BIND
[rep 4/9] entropy-1.50   n= 126000 acc= 34.19% meanT= 49.4 maxT= 50.7 viol= 80s startT=44.6 gate=0s
--- rep 4 done, 102.2 min elapsed ---
[rep 5] order: adaptive-ctrl, always-exit2, entropy-3.00, entropy-4.00, entropy-1.50, always-exit1, entropy-3.50, always-final, entropy-2.50
[rep 5/1] adaptive-ctrl  n= 126000 acc= 33.67% meanT= 46.9 maxT= 48.0 viol=  0s startT=45.8 gate=2s
[rep 5/2] always-exit2   n= 126000 acc= 32.75% meanT= 46.7 maxT= 48.5 viol=  0s startT=44.1 gate=0s
[rep 5/3] entropy-3.00   n= 126000 acc= 29.09% meanT= 49.1 maxT= 50.7 viol= 51s startT=48.5 gate=240s GATE-DID-NOT-BIND
[rep 5/4] entropy-4.00   n= 126000 acc= 20.33% meanT= 46.7 maxT= 48.0 viol=  0s startT=44.6 gate=0s
[rep 5/5] entropy-1.50   n= 126000 acc= 34.19% meanT= 51.6 maxT= 53.5 viol= 90s startT=49.0 gate=240s GATE-DID-NOT-BIND
[rep 5/6] always-exit1   n= 126000 acc= 19.48% meanT= 45.9 maxT= 46.9 viol=  0s startT=45.8 gate=14s
[rep 5/7] entropy-3.50   n= 126000 acc= 25.08% meanT= 48.6 maxT= 50.1 viol= 37s startT=45.8 gate=40s
[rep 5/8] always-final   n= 126000 acc= 33.67% meanT= 47.3 maxT= 48.5 viol=  0s startT=45.8 gate=0s
[rep 5/9] entropy-2.50   n= 126000 acc= 31.50% meanT= 48.7 maxT= 50.1 viol= 54s startT=44.6 gate=0s
--- rep 5 done, 127.1 min elapsed ---
wrote /home/manu/paper3_entropy_sweep2.json after 127.1 min. Gate failed to bind on 11 of 45 runs.
